Archive member included because of file (symbol)

c:/freescale/kds_v3/toolchain/bin/../lib/gcc/arm-none-eabi/4.8.4/../../../../arm-none-eabi/lib/armv7e-m\libg_s.a(lib_a-exit.o)
                              c:/freescale/kds_v3/toolchain/bin/../lib/gcc/arm-none-eabi/4.8.4/../../../../arm-none-eabi/lib/armv7e-m/crt0.o (exit)
c:/freescale/kds_v3/toolchain/bin/../lib/gcc/arm-none-eabi/4.8.4/../../../../arm-none-eabi/lib/armv7e-m\libg_s.a(lib_a-impure.o)
                              c:/freescale/kds_v3/toolchain/bin/../lib/gcc/arm-none-eabi/4.8.4/../../../../arm-none-eabi/lib/armv7e-m\libg_s.a(lib_a-exit.o) (_global_impure_ptr)
c:/freescale/kds_v3/toolchain/bin/../lib/gcc/arm-none-eabi/4.8.4/../../../../arm-none-eabi/lib/armv7e-m\libg_s.a(lib_a-init.o)
                              c:/freescale/kds_v3/toolchain/bin/../lib/gcc/arm-none-eabi/4.8.4/../../../../arm-none-eabi/lib/armv7e-m/crt0.o (__libc_init_array)
c:/freescale/kds_v3/toolchain/bin/../lib/gcc/arm-none-eabi/4.8.4/../../../../arm-none-eabi/lib/armv7e-m\libg_s.a(lib_a-memset.o)
                              c:/freescale/kds_v3/toolchain/bin/../lib/gcc/arm-none-eabi/4.8.4/../../../../arm-none-eabi/lib/armv7e-m/crt0.o (memset)
c:/freescale/kds_v3/toolchain/bin/../lib/gcc/arm-none-eabi/4.8.4/../../../../arm-none-eabi/lib/armv7e-m\libnosys.a(_exit.o)
                              c:/freescale/kds_v3/toolchain/bin/../lib/gcc/arm-none-eabi/4.8.4/../../../../arm-none-eabi/lib/armv7e-m\libg_s.a(lib_a-exit.o) (_exit)

Allocating common symbols
Common symbol       size              file

tlacitko            0x1               ./Sources/main.o

Discarded input sections

 .text          0x00000000        0x0 c:/freescale/kds_v3/toolchain/bin/../lib/gcc/arm-none-eabi/4.8.4/armv7e-m/crti.o
 .data          0x00000000        0x0 c:/freescale/kds_v3/toolchain/bin/../lib/gcc/arm-none-eabi/4.8.4/armv7e-m/crti.o
 .bss           0x00000000        0x0 c:/freescale/kds_v3/toolchain/bin/../lib/gcc/arm-none-eabi/4.8.4/armv7e-m/crti.o
 .data          0x00000000        0x4 c:/freescale/kds_v3/toolchain/bin/../lib/gcc/arm-none-eabi/4.8.4/armv7e-m/crtbegin.o
 .data          0x00000000        0x0 c:/freescale/kds_v3/toolchain/bin/../lib/gcc/arm-none-eabi/4.8.4/../../../../arm-none-eabi/lib/armv7e-m/crt0.o
 .bss           0x00000000        0x0 c:/freescale/kds_v3/toolchain/bin/../lib/gcc/arm-none-eabi/4.8.4/../../../../arm-none-eabi/lib/armv7e-m/crt0.o
 .ARM.extab     0x00000000        0x0 c:/freescale/kds_v3/toolchain/bin/../lib/gcc/arm-none-eabi/4.8.4/../../../../arm-none-eabi/lib/armv7e-m/crt0.o
 .group         0x00000000        0x8 ./Sources/main.o
 .group         0x00000000        0x8 ./Sources/main.o
 .group         0x00000000        0x8 ./Sources/main.o
 .group         0x00000000        0x8 ./Sources/main.o
 .group         0x00000000        0x8 ./Sources/main.o
 .group         0x00000000        0x8 ./Sources/main.o
 .group         0x00000000        0x8 ./Sources/main.o
 .group         0x00000000        0x8 ./Sources/main.o
 .group         0x00000000        0x8 ./Sources/main.o
 .group         0x00000000        0x8 ./Sources/main.o
 .group         0x00000000        0x8 ./Sources/main.o
 .group         0x00000000        0x8 ./Sources/main.o
 .text          0x00000000        0x0 ./Sources/main.o
 .data          0x00000000        0x0 ./Sources/main.o
 .bss           0x00000000        0x0 ./Sources/main.o
 .text.NVIC_EnableIRQ
                0x00000000       0x30 ./Sources/main.o
 .bss.pressed   0x00000000        0x4 ./Sources/main.o
 .text.LPTMR0Init
                0x00000000       0x44 ./Sources/main.o
 COMMON         0x00000000        0x1 ./Sources/main.o
 .data          0x00000000        0x0 ./Project_Settings/Startup_Code/startup_MK60D10.o
 .bss           0x00000000        0x0 ./Project_Settings/Startup_Code/startup_MK60D10.o
 .group         0x00000000        0x8 ./Project_Settings/Startup_Code/system_MK60D10.o
 .group         0x00000000        0x8 ./Project_Settings/Startup_Code/system_MK60D10.o
 .group         0x00000000        0x8 ./Project_Settings/Startup_Code/system_MK60D10.o
 .group         0x00000000        0x8 ./Project_Settings/Startup_Code/system_MK60D10.o
 .group         0x00000000        0x8 ./Project_Settings/Startup_Code/system_MK60D10.o
 .group         0x00000000        0x8 ./Project_Settings/Startup_Code/system_MK60D10.o
 .group         0x00000000        0x8 ./Project_Settings/Startup_Code/system_MK60D10.o
 .group         0x00000000        0x8 ./Project_Settings/Startup_Code/system_MK60D10.o
 .group         0x00000000        0x8 ./Project_Settings/Startup_Code/system_MK60D10.o
 .group         0x00000000        0x8 ./Project_Settings/Startup_Code/system_MK60D10.o
 .group         0x00000000        0x8 ./Project_Settings/Startup_Code/system_MK60D10.o
 .text          0x00000000        0x0 ./Project_Settings/Startup_Code/system_MK60D10.o
 .data          0x00000000        0x0 ./Project_Settings/Startup_Code/system_MK60D10.o
 .bss           0x00000000        0x0 ./Project_Settings/Startup_Code/system_MK60D10.o
 .data.SystemCoreClock
                0x00000000        0x4 ./Project_Settings/Startup_Code/system_MK60D10.o
 .text.SystemCoreClockUpdate
                0x00000000      0x250 ./Project_Settings/Startup_Code/system_MK60D10.o
 .debug_macro   0x00000000      0x84a ./Project_Settings/Startup_Code/system_MK60D10.o
 .debug_macro   0x00000000       0x16 ./Project_Settings/Startup_Code/system_MK60D10.o
 .debug_macro   0x00000000       0x44 ./Project_Settings/Startup_Code/system_MK60D10.o
 .debug_macro   0x00000000      0x209 ./Project_Settings/Startup_Code/system_MK60D10.o
 .debug_macro   0x00000000       0x3b ./Project_Settings/Startup_Code/system_MK60D10.o
 .debug_macro   0x00000000       0x34 ./Project_Settings/Startup_Code/system_MK60D10.o
 .debug_macro   0x00000000       0x26 ./Project_Settings/Startup_Code/system_MK60D10.o
 .debug_macro   0x00000000      0xba3 ./Project_Settings/Startup_Code/system_MK60D10.o
 .debug_macro   0x00000000       0x71 ./Project_Settings/Startup_Code/system_MK60D10.o
 .debug_macro   0x00000000    0x17cf8 ./Project_Settings/Startup_Code/system_MK60D10.o
 .text          0x00000000        0x0 c:/freescale/kds_v3/toolchain/bin/../lib/gcc/arm-none-eabi/4.8.4/../../../../arm-none-eabi/lib/armv7e-m\libg_s.a(lib_a-exit.o)
 .data          0x00000000        0x0 c:/freescale/kds_v3/toolchain/bin/../lib/gcc/arm-none-eabi/4.8.4/../../../../arm-none-eabi/lib/armv7e-m\libg_s.a(lib_a-exit.o)
 .bss           0x00000000        0x0 c:/freescale/kds_v3/toolchain/bin/../lib/gcc/arm-none-eabi/4.8.4/../../../../arm-none-eabi/lib/armv7e-m\libg_s.a(lib_a-exit.o)
 .text          0x00000000        0x0 c:/freescale/kds_v3/toolchain/bin/../lib/gcc/arm-none-eabi/4.8.4/../../../../arm-none-eabi/lib/armv7e-m\libg_s.a(lib_a-impure.o)
 .data          0x00000000        0x0 c:/freescale/kds_v3/toolchain/bin/../lib/gcc/arm-none-eabi/4.8.4/../../../../arm-none-eabi/lib/armv7e-m\libg_s.a(lib_a-impure.o)
 .bss           0x00000000        0x0 c:/freescale/kds_v3/toolchain/bin/../lib/gcc/arm-none-eabi/4.8.4/../../../../arm-none-eabi/lib/armv7e-m\libg_s.a(lib_a-impure.o)
 .data._impure_ptr
                0x00000000        0x4 c:/freescale/kds_v3/toolchain/bin/../lib/gcc/arm-none-eabi/4.8.4/../../../../arm-none-eabi/lib/armv7e-m\libg_s.a(lib_a-impure.o)
 .text          0x00000000        0x0 c:/freescale/kds_v3/toolchain/bin/../lib/gcc/arm-none-eabi/4.8.4/../../../../arm-none-eabi/lib/armv7e-m\libg_s.a(lib_a-init.o)
 .data          0x00000000        0x0 c:/freescale/kds_v3/toolchain/bin/../lib/gcc/arm-none-eabi/4.8.4/../../../../arm-none-eabi/lib/armv7e-m\libg_s.a(lib_a-init.o)
 .bss           0x00000000        0x0 c:/freescale/kds_v3/toolchain/bin/../lib/gcc/arm-none-eabi/4.8.4/../../../../arm-none-eabi/lib/armv7e-m\libg_s.a(lib_a-init.o)
 .text          0x00000000        0x0 c:/freescale/kds_v3/toolchain/bin/../lib/gcc/arm-none-eabi/4.8.4/../../../../arm-none-eabi/lib/armv7e-m\libg_s.a(lib_a-memset.o)
 .data          0x00000000        0x0 c:/freescale/kds_v3/toolchain/bin/../lib/gcc/arm-none-eabi/4.8.4/../../../../arm-none-eabi/lib/armv7e-m\libg_s.a(lib_a-memset.o)
 .bss           0x00000000        0x0 c:/freescale/kds_v3/toolchain/bin/../lib/gcc/arm-none-eabi/4.8.4/../../../../arm-none-eabi/lib/armv7e-m\libg_s.a(lib_a-memset.o)
 .text          0x00000000        0x0 c:/freescale/kds_v3/toolchain/bin/../lib/gcc/arm-none-eabi/4.8.4/../../../../arm-none-eabi/lib/armv7e-m\libnosys.a(_exit.o)
 .data          0x00000000        0x0 c:/freescale/kds_v3/toolchain/bin/../lib/gcc/arm-none-eabi/4.8.4/../../../../arm-none-eabi/lib/armv7e-m\libnosys.a(_exit.o)
 .bss           0x00000000        0x0 c:/freescale/kds_v3/toolchain/bin/../lib/gcc/arm-none-eabi/4.8.4/../../../../arm-none-eabi/lib/armv7e-m\libnosys.a(_exit.o)
 .text          0x00000000        0x0 c:/freescale/kds_v3/toolchain/bin/../lib/gcc/arm-none-eabi/4.8.4/armv7e-m/crtend.o
 .data          0x00000000        0x0 c:/freescale/kds_v3/toolchain/bin/../lib/gcc/arm-none-eabi/4.8.4/armv7e-m/crtend.o
 .bss           0x00000000        0x0 c:/freescale/kds_v3/toolchain/bin/../lib/gcc/arm-none-eabi/4.8.4/armv7e-m/crtend.o
 .eh_frame      0x00000000        0x4 c:/freescale/kds_v3/toolchain/bin/../lib/gcc/arm-none-eabi/4.8.4/armv7e-m/crtend.o
 .text          0x00000000        0x0 c:/freescale/kds_v3/toolchain/bin/../lib/gcc/arm-none-eabi/4.8.4/armv7e-m/crtn.o
 .data          0x00000000        0x0 c:/freescale/kds_v3/toolchain/bin/../lib/gcc/arm-none-eabi/4.8.4/armv7e-m/crtn.o
 .bss           0x00000000        0x0 c:/freescale/kds_v3/toolchain/bin/../lib/gcc/arm-none-eabi/4.8.4/armv7e-m/crtn.o

Memory Configuration

Name             Origin             Length             Attributes
m_interrupts     0x00000000         0x00000400         xr
m_flash_config   0x00000400         0x00000010         xr
m_text           0x00000410         0x0007fbf0         xr
m_data           0x1fff0000         0x00010000         rw
m_data_2         0x20000000         0x00010000         rw
*default*        0x00000000         0xffffffff

Linker script and memory map

LOAD c:/freescale/kds_v3/toolchain/bin/../lib/gcc/arm-none-eabi/4.8.4/armv7e-m/crti.o
LOAD c:/freescale/kds_v3/toolchain/bin/../lib/gcc/arm-none-eabi/4.8.4/armv7e-m/crtbegin.o
LOAD c:/freescale/kds_v3/toolchain/bin/../lib/gcc/arm-none-eabi/4.8.4/../../../../arm-none-eabi/lib/armv7e-m/crt0.o
LOAD ./Sources/main.o
LOAD ./Project_Settings/Startup_Code/startup_MK60D10.o
LOAD ./Project_Settings/Startup_Code/system_MK60D10.o
LOAD c:/freescale/kds_v3/toolchain/bin/../lib/gcc/arm-none-eabi/4.8.4/../../../../arm-none-eabi/lib/armv7e-m\libstdc++_s.a
LOAD c:/freescale/kds_v3/toolchain/bin/../lib/gcc/arm-none-eabi/4.8.4/../../../../arm-none-eabi/lib/armv7e-m\libm.a
START GROUP
LOAD c:/freescale/kds_v3/toolchain/bin/../lib/gcc/arm-none-eabi/4.8.4/armv7e-m\libgcc.a
LOAD c:/freescale/kds_v3/toolchain/bin/../lib/gcc/arm-none-eabi/4.8.4/../../../../arm-none-eabi/lib/armv7e-m\libg_s.a
LOAD c:/freescale/kds_v3/toolchain/bin/../lib/gcc/arm-none-eabi/4.8.4/../../../../arm-none-eabi/lib/armv7e-m\libc_s.a
END GROUP
START GROUP
LOAD c:/freescale/kds_v3/toolchain/bin/../lib/gcc/arm-none-eabi/4.8.4/armv7e-m\libgcc.a
LOAD c:/freescale/kds_v3/toolchain/bin/../lib/gcc/arm-none-eabi/4.8.4/../../../../arm-none-eabi/lib/armv7e-m\libc_s.a
LOAD c:/freescale/kds_v3/toolchain/bin/../lib/gcc/arm-none-eabi/4.8.4/../../../../arm-none-eabi/lib/armv7e-m\libnosys.a
END GROUP
START GROUP
LOAD c:/freescale/kds_v3/toolchain/bin/../lib/gcc/arm-none-eabi/4.8.4/armv7e-m\libgcc.a
LOAD c:/freescale/kds_v3/toolchain/bin/../lib/gcc/arm-none-eabi/4.8.4/../../../../arm-none-eabi/lib/armv7e-m\libc_s.a
LOAD c:/freescale/kds_v3/toolchain/bin/../lib/gcc/arm-none-eabi/4.8.4/../../../../arm-none-eabi/lib/armv7e-m\libnosys.a
END GROUP
LOAD c:/freescale/kds_v3/toolchain/bin/../lib/gcc/arm-none-eabi/4.8.4/armv7e-m/crtend.o
LOAD c:/freescale/kds_v3/toolchain/bin/../lib/gcc/arm-none-eabi/4.8.4/armv7e-m/crtn.o
                0x00000400                HEAP_SIZE = DEFINED (__heap_size__)?__heap_size__:0x400
                0x00000400                STACK_SIZE = DEFINED (__stack_size__)?__stack_size__:0x400

.interrupts     0x00000000      0x400
                0x00000000                __VECTOR_TABLE = .
                0x00000000                . = ALIGN (0x4)
 *(.isr_vector)
 .isr_vector    0x00000000      0x400 ./Project_Settings/Startup_Code/startup_MK60D10.o
                0x00000000                __isr_vector
                0x00000400                . = ALIGN (0x4)

.flash_config   0x00000400       0x10
                0x00000400                . = ALIGN (0x4)
 *(.FlashConfig)
 .FlashConfig   0x00000400       0x10 ./Project_Settings/Startup_Code/startup_MK60D10.o
                0x00000410                . = ALIGN (0x4)

.text           0x00000410      0x5cc
                0x00000410                . = ALIGN (0x4)
 *(.text)
 .text          0x00000410       0x54 c:/freescale/kds_v3/toolchain/bin/../lib/gcc/arm-none-eabi/4.8.4/armv7e-m/crtbegin.o
 .text          0x00000464       0x74 c:/freescale/kds_v3/toolchain/bin/../lib/gcc/arm-none-eabi/4.8.4/../../../../arm-none-eabi/lib/armv7e-m/crt0.o
                0x00000464                _start
                0x00000464                _mainCRTStartup
 .text          0x000004d8       0x30 ./Project_Settings/Startup_Code/startup_MK60D10.o
                0x000004d8                Reset_Handler
                0x00000504                Reserved111_IRQHandler
                0x00000504                DebugMon_Handler
                0x00000504                I2C0_IRQHandler
                0x00000504                HardFault_Handler
                0x00000504                CAN1_ORed_Message_buffer_IRQHandler
                0x00000504                SysTick_Handler
                0x00000504                UART3_RX_TX_IRQHandler
                0x00000504                Reserved114_IRQHandler
                0x00000504                PendSV_Handler
                0x00000504                NMI_Handler
                0x00000504                UART0_RX_TX_IRQHandler
                0x00000504                I2C1_IRQHandler
                0x00000504                DMA2_IRQHandler
                0x00000504                Reserved59_IRQHandler
                0x00000504                ENET_Error_IRQHandler
                0x00000504                CAN0_Tx_Warning_IRQHandler
                0x00000504                PIT0_IRQHandler
                0x00000504                Reserved119_IRQHandler
                0x00000504                CAN0_ORed_Message_buffer_IRQHandler
                0x00000504                CMP2_IRQHandler
                0x00000504                LLWU_IRQHandler
                0x00000504                Reserved116_IRQHandler
                0x00000504                TSI0_IRQHandler
                0x00000504                ENET_Receive_IRQHandler
                0x00000504                ENET_1588_Timer_IRQHandler
                0x00000504                CAN1_Error_IRQHandler
                0x00000504                UART2_RX_TX_IRQHandler
                0x00000504                SWI_IRQHandler
                0x00000504                ADC0_IRQHandler
                0x00000504                UsageFault_Handler
                0x00000504                I2S0_Tx_IRQHandler
                0x00000504                CMT_IRQHandler
                0x00000504                UART4_RX_TX_IRQHandler
                0x00000504                SPI1_IRQHandler
                0x00000504                DefaultISR
                0x00000504                DMA9_IRQHandler
                0x00000504                DMA14_IRQHandler
                0x00000504                CMP1_IRQHandler
                0x00000504                PORTD_IRQHandler
                0x00000504                PORTB_IRQHandler
                0x00000504                UART4_ERR_IRQHandler
                0x00000504                ADC1_IRQHandler
                0x00000504                PIT2_IRQHandler
                0x00000504                I2S0_Rx_IRQHandler
                0x00000504                DMA5_IRQHandler
                0x00000504                RTC_IRQHandler
                0x00000504                PDB0_IRQHandler
                0x00000504                CAN1_Bus_Off_IRQHandler
                0x00000504                CAN0_Rx_Warning_IRQHandler
                0x00000504                FTM1_IRQHandler
                0x00000504                UART5_RX_TX_IRQHandler
                0x00000504                Reserved95_IRQHandler
                0x00000504                UART3_ERR_IRQHandler
                0x00000504                PIT3_IRQHandler
                0x00000504                SDHC_IRQHandler
                0x00000504                RTC_Seconds_IRQHandler
                0x00000504                MCG_IRQHandler
                0x00000504                Reserved108_IRQHandler
                0x00000504                Reserved117_IRQHandler
                0x00000504                UART2_ERR_IRQHandler
                0x00000504                DMA11_IRQHandler
                0x00000504                UART5_ERR_IRQHandler
                0x00000504                Read_Collision_IRQHandler
                0x00000504                DMA7_IRQHandler
                0x00000504                Reserved102_IRQHandler
                0x00000504                ENET_Transmit_IRQHandler
                0x00000504                USBDCD_IRQHandler
                0x00000504                CAN1_Tx_Warning_IRQHandler
                0x00000504                USB0_IRQHandler
                0x00000504                SPI2_IRQHandler
                0x00000504                WDOG_EWM_IRQHandler
                0x00000504                MemManage_Handler
                0x00000504                CAN1_Rx_Warning_IRQHandler
                0x00000504                Reserved115_IRQHandler
                0x00000504                SVC_Handler
                0x00000504                CAN1_Wake_Up_IRQHandler
                0x00000504                Reserved109_IRQHandler
                0x00000504                DMA13_IRQHandler
                0x00000504                DMA3_IRQHandler
                0x00000504                UART0_LON_IRQHandler
                0x00000504                RNG_IRQHandler
                0x00000504                DMA0_IRQHandler
                0x00000504                DMA15_IRQHandler
                0x00000504                DAC0_IRQHandler
                0x00000504                Reserved118_IRQHandler
                0x00000504                CAN0_Error_IRQHandler
                0x00000504                Reserved112_IRQHandler
                0x00000504                DMA4_IRQHandler
                0x00000504                PIT1_IRQHandler
                0x00000504                UART0_ERR_IRQHandler
                0x00000504                DMA_Error_IRQHandler
                0x00000504                LVD_LVW_IRQHandler
                0x00000504                SPI0_IRQHandler
                0x00000504                FTM0_IRQHandler
                0x00000504                PORTA_IRQHandler
                0x00000504                DAC1_IRQHandler
                0x00000504                MCM_IRQHandler
                0x00000504                DMA12_IRQHandler
                0x00000504                FTFL_IRQHandler
                0x00000504                CAN0_Bus_Off_IRQHandler
                0x00000504                PORTE_IRQHandler
                0x00000504                FTM2_IRQHandler
                0x00000504                LPTMR0_IRQHandler
                0x00000504                BusFault_Handler
                0x00000504                DMA8_IRQHandler
                0x00000504                DMA10_IRQHandler
                0x00000504                CAN0_Wake_Up_IRQHandler
                0x00000504                UART1_ERR_IRQHandler
                0x00000504                UART1_RX_TX_IRQHandler
                0x00000504                CMP0_IRQHandler
                0x00000504                PORTC_IRQHandler
                0x00000504                DMA6_IRQHandler
                0x00000504                DMA1_IRQHandler
                0x00000504                Reserved113_IRQHandler
 *(.text*)
 .text.delay    0x00000508       0x40 ./Sources/main.o
                0x00000508                delay
 .text.beepDot  0x00000548       0x58 ./Sources/main.o
                0x00000548                beepDot
 .text.beepDash
                0x000005a0       0x58 ./Sources/main.o
                0x000005a0                beepDash
 .text.MCUInit  0x000005f8       0x4c ./Sources/main.o
                0x000005f8                MCUInit
 .text.PortsInit
                0x00000644       0x90 ./Sources/main.o
                0x00000644                PortsInit
 .text.main     0x000006d4      0x238 ./Sources/main.o
                0x000006d4                main
 .text.SystemInit
                0x0000090c       0x28 ./Project_Settings/Startup_Code/system_MK60D10.o
                0x0000090c                SystemInit
 .text.exit     0x00000934       0x28 c:/freescale/kds_v3/toolchain/bin/../lib/gcc/arm-none-eabi/4.8.4/../../../../arm-none-eabi/lib/armv7e-m\libg_s.a(lib_a-exit.o)
                0x00000934                exit
 .text.__libc_init_array
                0x0000095c       0x4c c:/freescale/kds_v3/toolchain/bin/../lib/gcc/arm-none-eabi/4.8.4/../../../../arm-none-eabi/lib/armv7e-m\libg_s.a(lib_a-init.o)
                0x0000095c                __libc_init_array
 .text.memset   0x000009a8       0x10 c:/freescale/kds_v3/toolchain/bin/../lib/gcc/arm-none-eabi/4.8.4/../../../../arm-none-eabi/lib/armv7e-m\libg_s.a(lib_a-memset.o)
                0x000009a8                memset
 .text._exit    0x000009b8        0x4 c:/freescale/kds_v3/toolchain/bin/../lib/gcc/arm-none-eabi/4.8.4/../../../../arm-none-eabi/lib/armv7e-m\libnosys.a(_exit.o)
                0x000009b8                _exit
 *(.rodata)
 *(.rodata*)
 .rodata.str1.1
                0x000009bc        0x2 c:/freescale/kds_v3/toolchain/bin/../lib/gcc/arm-none-eabi/4.8.4/../../../../arm-none-eabi/lib/armv7e-m\libg_s.a(lib_a-impure.o)
 *fill*         0x000009be        0x2 
 .rodata._global_impure_ptr
                0x000009c0        0x4 c:/freescale/kds_v3/toolchain/bin/../lib/gcc/arm-none-eabi/4.8.4/../../../../arm-none-eabi/lib/armv7e-m\libg_s.a(lib_a-impure.o)
                0x000009c0                _global_impure_ptr
 *(.glue_7)
 .glue_7        0x00000000        0x0 linker stubs
 *(.glue_7t)
 .glue_7t       0x00000000        0x0 linker stubs
 *(.eh_frame)
 .eh_frame      0x000009c4        0x0 c:/freescale/kds_v3/toolchain/bin/../lib/gcc/arm-none-eabi/4.8.4/armv7e-m/crtbegin.o
 *(.init)
 .init          0x000009c4        0x4 c:/freescale/kds_v3/toolchain/bin/../lib/gcc/arm-none-eabi/4.8.4/armv7e-m/crti.o
                0x000009c4                _init
 .init          0x000009c8        0x8 c:/freescale/kds_v3/toolchain/bin/../lib/gcc/arm-none-eabi/4.8.4/armv7e-m/crtn.o
 *(.fini)
 .fini          0x000009d0        0x4 c:/freescale/kds_v3/toolchain/bin/../lib/gcc/arm-none-eabi/4.8.4/armv7e-m/crti.o
                0x000009d0                _fini
 .fini          0x000009d4        0x8 c:/freescale/kds_v3/toolchain/bin/../lib/gcc/arm-none-eabi/4.8.4/armv7e-m/crtn.o
                0x000009dc                . = ALIGN (0x4)

.vfp11_veneer   0x000009dc        0x0
 .vfp11_veneer  0x00000000        0x0 linker stubs

.v4_bx          0x000009dc        0x0
 .v4_bx         0x00000000        0x0 linker stubs

.iplt           0x000009dc        0x0
 .iplt          0x00000000        0x0 c:/freescale/kds_v3/toolchain/bin/../lib/gcc/arm-none-eabi/4.8.4/armv7e-m/crtbegin.o

.ARM.extab
 *(.ARM.extab* .gnu.linkonce.armextab.*)

.ARM            0x000009dc        0x8
                0x000009dc                __exidx_start = .
 *(.ARM.exidx*)
 .ARM.exidx     0x000009dc        0x8 c:/freescale/kds_v3/toolchain/bin/../lib/gcc/arm-none-eabi/4.8.4/../../../../arm-none-eabi/lib/armv7e-m/crt0.o
                0x000009e4                __exidx_end = .

.rel.dyn        0x000009e4        0x0
 .rel.iplt      0x00000000        0x0 c:/freescale/kds_v3/toolchain/bin/../lib/gcc/arm-none-eabi/4.8.4/armv7e-m/crtbegin.o

.ctors          0x000009e4        0x0
                0x000009e4                __CTOR_LIST__ = .
 *crtbegin.o(.ctors)
 *crtbegin?.o(.ctors)
 *(EXCLUDE_FILE(*crtend.o *crtend?.o) .ctors)
 *(SORT(.ctors.*))
 *(.ctors)
                0x000009e4                __CTOR_END__ = .

.dtors          0x000009e4        0x0
                0x000009e4                __DTOR_LIST__ = .
 *crtbegin.o(.dtors)
 *crtbegin?.o(.dtors)
 *(EXCLUDE_FILE(*crtend.o *crtend?.o) .dtors)
 *(SORT(.dtors.*))
 *(.dtors)
                0x000009e4                __DTOR_END__ = .

.preinit_array  0x000009e4        0x0
                0x000009e4                PROVIDE (__preinit_array_start, .)
 *(.preinit_array*)
                0x000009e4                PROVIDE (__preinit_array_end, .)

.init_array     0x000009e4        0x4
                0x000009e4                PROVIDE (__init_array_start, .)
 *(SORT(.init_array.*))
 *(.init_array*)
 .init_array    0x000009e4        0x4 c:/freescale/kds_v3/toolchain/bin/../lib/gcc/arm-none-eabi/4.8.4/armv7e-m/crtbegin.o
                0x000009e8                PROVIDE (__init_array_end, .)

.fini_array     0x000009e8        0x4
                0x000009e8                PROVIDE (__fini_array_start, .)
 *(SORT(.fini_array.*))
 *(.fini_array*)
 .fini_array    0x000009e8        0x4 c:/freescale/kds_v3/toolchain/bin/../lib/gcc/arm-none-eabi/4.8.4/armv7e-m/crtbegin.o
                0x000009ec                PROVIDE (__fini_array_end, .)
                0x000009ec                __etext = .
                0x000009ec                __DATA_ROM = .

.data           0x1fff0000       0x80 load address 0x000009ec
                0x1fff0000                . = ALIGN (0x4)
                0x1fff0000                __DATA_RAM = .
                0x1fff0000                __data_start__ = .
 *(.data)
 *(.data*)
 .data.ROW      0x1fff0000       0x10 ./Sources/main.o
                0x1fff0000                ROW
 .data.COL      0x1fff0010        0xc ./Sources/main.o
                0x1fff0010                COL
 .data.impure_data
                0x1fff001c       0x60 c:/freescale/kds_v3/toolchain/bin/../lib/gcc/arm-none-eabi/4.8.4/../../../../arm-none-eabi/lib/armv7e-m\libg_s.a(lib_a-impure.o)
 *(.jcr*)
 .jcr           0x1fff007c        0x0 c:/freescale/kds_v3/toolchain/bin/../lib/gcc/arm-none-eabi/4.8.4/armv7e-m/crtbegin.o
 .jcr           0x1fff007c        0x4 c:/freescale/kds_v3/toolchain/bin/../lib/gcc/arm-none-eabi/4.8.4/armv7e-m/crtend.o
                0x1fff0080                . = ALIGN (0x4)
                0x1fff0080                __data_end__ = .
                0x00000a6c                __DATA_END = (__DATA_ROM + (__data_end__ - __data_start__))

.igot.plt       0x1fff0080        0x0 load address 0x00000a6c
 .igot.plt      0x00000000        0x0 c:/freescale/kds_v3/toolchain/bin/../lib/gcc/arm-none-eabi/4.8.4/armv7e-m/crtbegin.o

.bss            0x1fff0080       0x1c load address 0x00000a6c
                0x1fff0080                . = ALIGN (0x4)
                0x1fff0080                __START_BSS = .
                0x1fff0080                __bss_start__ = .
 *(.bss)
 .bss           0x1fff0080       0x1c c:/freescale/kds_v3/toolchain/bin/../lib/gcc/arm-none-eabi/4.8.4/armv7e-m/crtbegin.o
 *(.bss*)
 *(COMMON)
                0x1fff009c                . = ALIGN (0x4)
                0x1fff009c                __bss_end__ = .
                0x1fff009c                __END_BSS = .

.heap           0x20000000      0x400
                0x20000000                . = ALIGN (0x8)
                0x20000000                __end__ = .
                0x20000000                PROVIDE (end, .)
                0x20000000                __HeapBase = .
                0x20000400                . = (. + HEAP_SIZE)
 *fill*         0x20000000      0x400 
                0x20000400                __HeapLimit = .

.stack          0x20000400      0x400
                0x20000400                . = ALIGN (0x8)
                0x20000800                . = (. + STACK_SIZE)
 *fill*         0x20000400      0x400 
                0x20010000                __StackTop = (ORIGIN (m_data_2) + 0x10000)
                0x2000fc00                __StackLimit = (__StackTop - STACK_SIZE)
                0x20010000                PROVIDE (__stack, __StackTop)

.ARM.attributes
                0x00000000       0x2a
 *(.ARM.attributes)
 .ARM.attributes
                0x00000000       0x1e c:/freescale/kds_v3/toolchain/bin/../lib/gcc/arm-none-eabi/4.8.4/armv7e-m/crti.o
 .ARM.attributes
                0x0000001e       0x2e c:/freescale/kds_v3/toolchain/bin/../lib/gcc/arm-none-eabi/4.8.4/armv7e-m/crtbegin.o
 .ARM.attributes
                0x0000004c       0x1c c:/freescale/kds_v3/toolchain/bin/../lib/gcc/arm-none-eabi/4.8.4/../../../../arm-none-eabi/lib/armv7e-m/crt0.o
 .ARM.attributes
                0x00000068       0x33 ./Sources/main.o
 .ARM.attributes
                0x0000009b       0x1b ./Project_Settings/Startup_Code/startup_MK60D10.o
 .ARM.attributes
                0x000000b6       0x33 ./Project_Settings/Startup_Code/system_MK60D10.o
 .ARM.attributes
                0x000000e9       0x2e c:/freescale/kds_v3/toolchain/bin/../lib/gcc/arm-none-eabi/4.8.4/../../../../arm-none-eabi/lib/armv7e-m\libg_s.a(lib_a-exit.o)
 .ARM.attributes
                0x00000117       0x2e c:/freescale/kds_v3/toolchain/bin/../lib/gcc/arm-none-eabi/4.8.4/../../../../arm-none-eabi/lib/armv7e-m\libg_s.a(lib_a-impure.o)
 .ARM.attributes
                0x00000145       0x2e c:/freescale/kds_v3/toolchain/bin/../lib/gcc/arm-none-eabi/4.8.4/../../../../arm-none-eabi/lib/armv7e-m\libg_s.a(lib_a-init.o)
 .ARM.attributes
                0x00000173       0x2e c:/freescale/kds_v3/toolchain/bin/../lib/gcc/arm-none-eabi/4.8.4/../../../../arm-none-eabi/lib/armv7e-m\libg_s.a(lib_a-memset.o)
 .ARM.attributes
                0x000001a1       0x2e c:/freescale/kds_v3/toolchain/bin/../lib/gcc/arm-none-eabi/4.8.4/../../../../arm-none-eabi/lib/armv7e-m\libnosys.a(_exit.o)
 .ARM.attributes
                0x000001cf       0x2e c:/freescale/kds_v3/toolchain/bin/../lib/gcc/arm-none-eabi/4.8.4/armv7e-m/crtend.o
 .ARM.attributes
                0x000001fd       0x1e c:/freescale/kds_v3/toolchain/bin/../lib/gcc/arm-none-eabi/4.8.4/armv7e-m/crtn.o
                0x00000001                ASSERT ((__StackLimit >= __HeapLimit), region m_data_2 overflowed with stack and heap)
OUTPUT(xsporn01.elf elf32-littlearm)

.debug_info     0x00000000     0x1098
 .debug_info    0x00000000      0xb74 ./Sources/main.o
 .debug_info    0x00000b74       0x87 ./Project_Settings/Startup_Code/startup_MK60D10.o
 .debug_info    0x00000bfb      0x49d ./Project_Settings/Startup_Code/system_MK60D10.o

.debug_abbrev   0x00000000      0x31a
 .debug_abbrev  0x00000000      0x1ec ./Sources/main.o
 .debug_abbrev  0x000001ec       0x14 ./Project_Settings/Startup_Code/startup_MK60D10.o
 .debug_abbrev  0x00000200      0x11a ./Project_Settings/Startup_Code/system_MK60D10.o

.debug_aranges  0x00000000       0xa0
 .debug_aranges
                0x00000000       0x58 ./Sources/main.o
 .debug_aranges
                0x00000058       0x20 ./Project_Settings/Startup_Code/startup_MK60D10.o
 .debug_aranges
                0x00000078       0x28 ./Project_Settings/Startup_Code/system_MK60D10.o

.debug_ranges   0x00000000       0x60
 .debug_ranges  0x00000000       0x48 ./Sources/main.o
 .debug_ranges  0x00000048       0x18 ./Project_Settings/Startup_Code/system_MK60D10.o

.debug_macro    0x00000000    0x19643
 .debug_macro   0x00000000       0x9f ./Sources/main.o
 .debug_macro   0x0000009f      0x84a ./Sources/main.o
 .debug_macro   0x000008e9       0x16 ./Sources/main.o
 .debug_macro   0x000008ff       0x16 ./Sources/main.o
 .debug_macro   0x00000915       0x44 ./Sources/main.o
 .debug_macro   0x00000959      0x209 ./Sources/main.o
 .debug_macro   0x00000b62       0x53 ./Sources/main.o
 .debug_macro   0x00000bb5       0x3b ./Sources/main.o
 .debug_macro   0x00000bf0       0x34 ./Sources/main.o
 .debug_macro   0x00000c24       0x26 ./Sources/main.o
 .debug_macro   0x00000c4a      0xba3 ./Sources/main.o
 .debug_macro   0x000017ed       0x71 ./Sources/main.o
 .debug_macro   0x0000185e    0x17cf8 ./Sources/main.o
 .debug_macro   0x00019556       0x88 ./Project_Settings/Startup_Code/system_MK60D10.o
 .debug_macro   0x000195de       0x65 ./Project_Settings/Startup_Code/system_MK60D10.o

.debug_line     0x00000000      0x5c9
 .debug_line    0x00000000      0x2fa ./Sources/main.o
 .debug_line    0x000002fa       0x78 ./Project_Settings/Startup_Code/startup_MK60D10.o
 .debug_line    0x00000372      0x257 ./Project_Settings/Startup_Code/system_MK60D10.o

.debug_str      0x00000000    0x90a8c
 .debug_str     0x00000000    0x90a15 ./Sources/main.o
                              0x90bba (size before relaxing)
 .debug_str     0x00090a15       0x77 ./Project_Settings/Startup_Code/system_MK60D10.o
                              0x90474 (size before relaxing)

.comment        0x00000000       0x70
 .comment       0x00000000       0x70 ./Sources/main.o
                                 0x71 (size before relaxing)
 .comment       0x00000000       0x71 ./Project_Settings/Startup_Code/system_MK60D10.o

.debug_frame    0x00000000      0x1d0
 .debug_frame   0x00000000       0xf8 ./Sources/main.o
 .debug_frame   0x000000f8       0x44 ./Project_Settings/Startup_Code/system_MK60D10.o
 .debug_frame   0x0000013c       0x28 c:/freescale/kds_v3/toolchain/bin/../lib/gcc/arm-none-eabi/4.8.4/../../../../arm-none-eabi/lib/armv7e-m\libg_s.a(lib_a-exit.o)
 .debug_frame   0x00000164       0x2c c:/freescale/kds_v3/toolchain/bin/../lib/gcc/arm-none-eabi/4.8.4/../../../../arm-none-eabi/lib/armv7e-m\libg_s.a(lib_a-init.o)
 .debug_frame   0x00000190       0x20 c:/freescale/kds_v3/toolchain/bin/../lib/gcc/arm-none-eabi/4.8.4/../../../../arm-none-eabi/lib/armv7e-m\libg_s.a(lib_a-memset.o)
 .debug_frame   0x000001b0       0x20 c:/freescale/kds_v3/toolchain/bin/../lib/gcc/arm-none-eabi/4.8.4/../../../../arm-none-eabi/lib/armv7e-m\libnosys.a(_exit.o)
